
> job-ops-orchestrator@0.1.30 check:types
> tsc --noEmit

src/client/auth/axiosConfig.ts(1,19): error TS2307: Cannot find module 'axios' or its corresponding type declarations.
src/client/auth/axiosConfig.ts(8,41): error TS7006: Parameter 'config' implicitly has an 'any' type.
src/client/auth/axiosConfig.ts(18,4): error TS7006: Parameter 'response' implicitly has an 'any' type.
src/client/auth/axiosConfig.ts(19,10): error TS7006: Parameter 'error' implicitly has an 'any' type.
src/client/pages/auth/LoginPage.tsx(74,43): error TS2322: Type '{ children: string; to: string; size: string; className: string; }' is not assignable to type 'IntrinsicAttributes & LinkProps & RefAttributes<HTMLAnchorElement>'.
  Property 'size' does not exist on type 'IntrinsicAttributes & LinkProps & RefAttributes<HTMLAnchorElement>'.
src/server/agents/registry.ts(42,25): error TS2339: Property 'getCurrentRun' does not exist on type 'IAgent'.
src/server/agents/registry.ts(42,47): error TS2339: Property 'getCurrentRun' does not exist on type 'IAgent'.
src/server/agents/registry.ts(43,22): error TS2339: Property 'getLastRun' does not exist on type 'IAgent'.
src/server/agents/registry.ts(43,41): error TS2339: Property 'getLastRun' does not exist on type 'IAgent'.
src/server/api/routes/agents.ts(40,24): error TS2339: Property 'getRuns' does not exist on type 'IAgent'.
src/server/api/routes/agents.ts(40,40): error TS2339: Property 'getRuns' does not exist on type 'IAgent'.
src/server/api/routes/agents.ts(49,25): error TS2339: Property 'getCurrentRun' does not exist on type 'IAgent'.
src/server/api/routes/agents.ts(49,47): error TS2339: Property 'getCurrentRun' does not exist on type 'IAgent'.
src/server/api/routes/agents.ts(50,22): error TS2339: Property 'getLastRun' does not exist on type 'IAgent'.
src/server/api/routes/agents.ts(50,41): error TS2339: Property 'getLastRun' does not exist on type 'IAgent'.
src/server/api/routes/agents.ts(81,30): error TS2339: Property 'getCurrentRun' does not exist on type 'IAgent'.
src/server/api/routes/agents.ts(81,52): error TS2339: Property 'getCurrentRun' does not exist on type 'IAgent'.
src/server/api/routes/notifications.ts(36,14): error TS2769: No overload matches this call.
  Overload 1 of 3, '(left: PgColumn<{ name: "status"; tableName: "jobs"; dataType: "string"; columnType: "PgText"; data: "ready" | "discovered" | "processing" | "applied" | "in_progress" | "skipped" | "expired"; driverParam: string; ... 8 more ...; generated: undefined; }, {}, {}>, right: "ready" | ... 6 more ... | SQLWrapper): SQL<...>', gave the following error.
    Argument of type '"interview"' is not assignable to parameter of type '"ready" | "discovered" | "processing" | "applied" | "in_progress" | "skipped" | "expired" | SQLWrapper'.
  Overload 2 of 3, '(left: Aliased<string>, right: string | SQLWrapper): SQL<unknown>', gave the following error.
    Argument of type 'PgColumn<{ name: "status"; tableName: "jobs"; dataType: "string"; columnType: "PgText"; data: "ready" | "discovered" | "processing" | "applied" | "in_progress" | "skipped" | "expired"; driverParam: string; ... 8 more ...; generated: undefined; }, {}, {}>' is not assignable to parameter of type 'Aliased<string>'.
      Type 'PgColumn<{ name: "status"; tableName: "jobs"; dataType: "string"; columnType: "PgText"; data: "ready" | "discovered" | "processing" | "applied" | "in_progress" | "skipped" | "expired"; driverParam: string; ... 8 more ...; generated: undefined; }, {}, {}>' is missing the following properties from type 'Aliased<string>': sql, fieldAlias
  Overload 3 of 3, '(left: never, right: unknown): SQL<unknown>', gave the following error.
    Argument of type 'PgColumn<{ name: "status"; tableName: "jobs"; dataType: "string"; columnType: "PgText"; data: "ready" | "discovered" | "processing" | "applied" | "in_progress" | "skipped" | "expired"; driverParam: string; ... 8 more ...; generated: undefined; }, {}, {}>' is not assignable to parameter of type 'never'.
src/server/api/routes/tracer-links.test.ts(30,7): error TS2769: No overload matches this call.
  Overload 2 of 2, '(values: { id: string | SQL<unknown> | Placeholder<string, any>; title: string | SQL<unknown> | Placeholder<string, any>; employer: string | SQL<unknown> | Placeholder<...>; ... 55 more ...; createdAt?: Date | ... 2 more ... | undefined; }[]): PgInsertBase<...>', gave the following error.
    Object literal may only specify known properties, and 'id' does not exist in type '{ id: string | SQL<unknown> | Placeholder<string, any>; title: string | SQL<unknown> | Placeholder<string, any>; employer: string | SQL<unknown> | Placeholder<string, any>; ... 55 more ...; createdAt?: Date | ... 2 more ... | undefined; }[]'.
src/server/api/routes/tracer-links.test.ts(42,7): error TS2769: No overload matches this call.
  Overload 2 of 2, '(values: { id: string | SQL<unknown> | Placeholder<string, any>; token: string | SQL<unknown> | Placeholder<string, any>; jobId: string | SQL<unknown> | Placeholder<string, any>; ... 6 more ...; isActive?: boolean | ... 2 more ... | undefined; }[]): PgInsertBase<...>', gave the following error.
    Object literal may only specify known properties, and 'id' does not exist in type '{ id: string | SQL<unknown> | Placeholder<string, any>; token: string | SQL<unknown> | Placeholder<string, any>; jobId: string | SQL<unknown> | Placeholder<string, any>; ... 6 more ...; isActive?: boolean | ... 2 more ... | undefined; }[]'.
src/server/middleware/auth.ts(3,24): error TS2307: Cannot find module '../../infra/logger' or its corresponding type declarations.
src/server/middleware/rateLimit.ts(1,23): error TS2307: Cannot find module 'express-rate-limit' or its corresponding type declarations.
src/server/middleware/rateLimit.ts(2,24): error TS2307: Cannot find module 'rate-limit-redis' or its corresponding type declarations.
src/server/middleware/rateLimit.ts(3,30): error TS2307: Cannot find module 'redis' or its corresponding type declarations.
src/server/middleware/rateLimit.ts(4,24): error TS2307: Cannot find module '../../infra/logger' or its corresponding type declarations.
src/server/middleware/rateLimit.ts(23,9): error TS2578: Unused '@ts-expect-error' directive.
src/server/middleware/rateLimit.ts(33,17): error TS7006: Parameter 'req' implicitly has an 'any' type.
src/server/middleware/rateLimit.ts(33,22): error TS7006: Parameter 'res' implicitly has an 'any' type.
src/server/middleware/rateLimit.ts(33,27): error TS7006: Parameter 'next' implicitly has an 'any' type.
src/server/middleware/rateLimit.ts(33,33): error TS7006: Parameter 'options' implicitly has an 'any' type.
src/server/queues/index.ts(38,3): error TS2322: Type 'string' is not assignable to type 'ConnectionOptions'.
src/server/repositories/ghostwriter.ts(20,5): error TS2322: Type 'Date' is not assignable to type 'string'.
src/server/repositories/ghostwriter.ts(21,5): error TS2322: Type 'Date' is not assignable to type 'string'.
src/server/repositories/ghostwriter.ts(22,5): error TS2322: Type 'Date | null' is not assignable to type 'string | null'.
  Type 'Date' is not assignable to type 'string'.
src/server/repositories/ghostwriter.ts(38,5): error TS2322: Type 'Date' is not assignable to type 'string'.
src/server/repositories/ghostwriter.ts(39,5): error TS2322: Type 'Date' is not assignable to type 'string'.
src/server/repositories/ghostwriter.ts(56,5): error TS2322: Type 'Date' is not assignable to type 'string'.
src/server/repositories/ghostwriter.ts(57,5): error TS2322: Type 'Date' is not assignable to type 'string'.
src/server/repositories/ghostwriter.ts(118,5): error TS2769: No overload matches this call.
  Overload 2 of 2, '(values: { id: string | SQL<unknown> | Placeholder<string, any>; jobId: string | SQL<unknown> | Placeholder<string, any>; title?: string | SQL<unknown> | Placeholder<string, any> | null | undefined; updatedAt?: Date | ... 2 more ... | undefined; createdAt?: Date | ... 2 more ... | undefined; lastMessageAt?: Date | ... 3 more ... | undefined; }[]): PgInsertBase<...>', gave the following error.
    Object literal may only specify known properties, and 'id' does not exist in type '{ id: string | SQL<unknown> | Placeholder<string, any>; jobId: string | SQL<unknown> | Placeholder<string, any>; title?: string | SQL<unknown> | Placeholder<string, any> | null | undefined; updatedAt?: Date | ... 2 more ... | undefined; createdAt?: Date | ... 2 more ... | undefined; lastMessageAt?: Date | ... 3 more...'.
src/server/repositories/ghostwriter.ts(141,7): error TS2322: Type 'string' is not assignable to type 'Date | SQL<unknown> | PgColumn<ColumnBaseConfig<ColumnDataType, string>, {}, {}> | undefined'.
src/server/repositories/ghostwriter.ts(190,5): error TS2769: No overload matches this call.
  Overload 2 of 2, '(values: { id: string | SQL<unknown> | Placeholder<string, any>; role: "system" | "user" | "assistant" | "tool" | SQL<unknown> | Placeholder<string, any>; jobId: string | ... 1 more ... | Placeholder<...>; ... 8 more ...; replacesMessageId?: string | ... 3 more ... | undefined; }[]): PgInsertBase<...>', gave the following error.
    Object literal may only specify known properties, and 'id' does not exist in type '{ id: string | SQL<unknown> | Placeholder<string, any>; role: "system" | "user" | "assistant" | "tool" | SQL<unknown> | Placeholder<string, any>; jobId: string | ... 1 more ... | Placeholder<...>; ... 8 more ...; replacesMessageId?: string | ... 3 more ... | undefined; }[]'.
src/server/repositories/ghostwriter.ts(231,7): error TS2322: Type 'string' is not assignable to type 'Date | SQL<unknown> | PgColumn<ColumnBaseConfig<ColumnDataType, string>, {}, {}> | undefined'.
src/server/repositories/ghostwriter.ts(272,5): error TS2769: No overload matches this call.
  Overload 2 of 2, '(values: { id: string | SQL<unknown> | Placeholder<string, any>; jobId: string | SQL<unknown> | Placeholder<string, any>; startedAt: number | SQL<unknown> | Placeholder<...>; ... 9 more ...; errorCode?: string | ... 3 more ... | undefined; }[]): PgInsertBase<...>', gave the following error.
    Object literal may only specify known properties, and 'id' does not exist in type '{ id: string | SQL<unknown> | Placeholder<string, any>; jobId: string | SQL<unknown> | Placeholder<string, any>; startedAt: number | SQL<unknown> | Placeholder<string, any>; ... 9 more ...; errorCode?: string | ... 3 more ... | undefined; }[]'.
src/server/repositories/ghostwriter.ts(338,7): error TS2322: Type 'string' is not assignable to type 'Date | SQL<unknown> | PgColumn<ColumnBaseConfig<ColumnDataType, string>, {}, {}> | undefined'.
src/server/repositories/ghostwriter.ts(363,7): error TS2322: Type 'string' is not assignable to type 'Date | SQL<unknown> | PgColumn<ColumnBaseConfig<ColumnDataType, string>, {}, {}> | undefined'.
src/server/repositories/jobs.ts(329,10): error TS2345: Argument of type '{ appliedAt?: string | Date | undefined; processedAt?: Date | undefined; updatedAt: Date; title?: string; employer?: string; jobUrl?: string; applicationLink?: string | null; ... 16 more ...; sponsorMatchNames?: string; }' is not assignable to parameter of type '{ id?: string | SQL<unknown> | PgColumn<ColumnBaseConfig<ColumnDataType, string>, {}, {}> | undefined; title?: string | SQL<unknown> | PgColumn<...> | undefined; ... 56 more ...; createdAt?: Date | ... 2 more ... | undefined; }'.
  Types of property 'appliedAt' are incompatible.
    Type 'string | Date | undefined' is not assignable to type 'Date | SQL<unknown> | PgColumn<ColumnBaseConfig<ColumnDataType, string>, {}, {}> | null | undefined'.
      Type 'string' is not assignable to type 'Date | SQL<unknown> | PgColumn<ColumnBaseConfig<ColumnDataType, string>, {}, {}> | null | undefined'.
src/server/repositories/pipeline.ts(19,33): error TS2769: No overload matches this call.
  Overload 1 of 2, '(value: { id: string | SQL<unknown> | Placeholder<string, any>; status?: "cancelled" | "failed" | "running" | "completed" | SQL<unknown> | Placeholder<string, any> | undefined; ... 4 more ...; jobsProcessed?: number | ... 2 more ... | undefined; }): PgInsertBase<...>', gave the following error.
    Type 'string' is not assignable to type 'Date | SQL<unknown> | Placeholder<string, any> | undefined'.
  Overload 2 of 2, '(values: { id: string | SQL<unknown> | Placeholder<string, any>; status?: "cancelled" | "failed" | "running" | "completed" | SQL<unknown> | Placeholder<string, any> | undefined; ... 4 more ...; jobsProcessed?: number | ... 2 more ... | undefined; }[]): PgInsertBase<...>', gave the following error.
    Object literal may only specify known properties, and 'id' does not exist in type '{ id: string | SQL<unknown> | Placeholder<string, any>; status?: "cancelled" | "failed" | "running" | "completed" | SQL<unknown> | Placeholder<string, any> | undefined; ... 4 more ...; jobsProcessed?: number | ... 2 more ... | undefined; }[]'.
src/server/repositories/pipeline.ts(49,37): error TS2345: Argument of type 'Partial<{ completedAt: string; status: "cancelled" | "failed" | "running" | "completed"; jobsDiscovered: number; jobsProcessed: number; errorMessage: string; }>' is not assignable to parameter of type '{ id?: string | SQL<unknown> | PgColumn<ColumnBaseConfig<ColumnDataType, string>, {}, {}> | undefined; status?: "cancelled" | "failed" | ... 4 more ... | undefined; ... 4 more ...; jobsProcessed?: number | ... 2 more ... | undefined; }'.
  Types of property 'completedAt' are incompatible.
    Type 'string | undefined' is not assignable to type 'Date | SQL<unknown> | PgColumn<ColumnBaseConfig<ColumnDataType, string>, {}, {}> | null | undefined'.
      Type 'string' is not assignable to type 'Date | SQL<unknown> | PgColumn<ColumnBaseConfig<ColumnDataType, string>, {}, {}> | null | undefined'.
src/server/repositories/pipeline.ts(66,5): error TS2322: Type 'Date' is not assignable to type 'string'.
src/server/repositories/pipeline.ts(67,5): error TS2322: Type 'Date | null' is not assignable to type 'string | null'.
  Type 'Date' is not assignable to type 'string'.
src/server/repositories/pipeline.ts(87,3): error TS2322: Type '{ id: string; startedAt: Date; completedAt: Date | null; status: "cancelled" | "failed" | "running" | "completed"; jobsDiscovered: number; jobsProcessed: number; errorMessage: string | null; }[]' is not assignable to type 'PipelineRun[]'.
  Type '{ id: string; startedAt: Date; completedAt: Date | null; status: PipelineRun["status"]; jobsDiscovered: number; jobsProcessed: number; errorMessage: string | null; }' is not assignable to type 'PipelineRun'.
    Types of property 'startedAt' are incompatible.
      Type 'Date' is not assignable to type 'string'.
src/server/repositories/post-application-integrations.ts(50,5): error TS2322: Type 'Date' is not assignable to type 'string'.
src/server/repositories/post-application-integrations.ts(51,5): error TS2322: Type 'Date' is not assignable to type 'string'.
src/server/repositories/post-application-integrations.ts(91,9): error TS2322: Type 'string' is not assignable to type 'Date | SQL<unknown> | PgColumn<ColumnBaseConfig<ColumnDataType, string>, {}, {}> | undefined'.
src/server/repositories/post-application-integrations.ts(109,5): error TS2769: No overload matches this call.
  Overload 2 of 2, '(values: { id: string | SQL<unknown> | Placeholder<string, any>; provider: "gmail" | "imap" | SQL<unknown> | Placeholder<string, any>; status?: "error" | "disconnected" | "connected" | SQL<...> | Placeholder<...> | undefined; ... 7 more ...; lastError?: string | ... 3 more ... | undefined; }[]): PgInsertBase<...>', gave the following error.
    Object literal may only specify known properties, and 'id' does not exist in type '{ id: string | SQL<unknown> | Placeholder<string, any>; provider: "gmail" | "imap" | SQL<unknown> | Placeholder<string, any>; status?: "error" | "disconnected" | "connected" | SQL<...> | Placeholder<...> | undefined; ... 7 more ...; lastError?: string | ... 3 more ... | undefined; }[]'.
src/server/repositories/post-application-integrations.ts(147,7): error TS2322: Type 'string' is not assignable to type 'Date | SQL<unknown> | PgColumn<ColumnBaseConfig<ColumnDataType, string>, {}, {}> | undefined'.
src/server/repositories/post-application-integrations.ts(175,7): error TS2322: Type 'string' is not assignable to type 'Date | SQL<unknown> | PgColumn<ColumnBaseConfig<ColumnDataType, string>, {}, {}> | undefined'.
src/server/repositories/post-application-messages.ts(122,5): error TS2322: Type 'Date' is not assignable to type 'string'.
src/server/repositories/post-application-messages.ts(123,5): error TS2322: Type 'Date' is not assignable to type 'string'.
src/server/repositories/post-application-messages.ts(211,9): error TS2322: Type 'string' is not assignable to type 'Date | SQL<unknown> | PgColumn<ColumnBaseConfig<ColumnDataType, string>, {}, {}> | undefined'.
src/server/repositories/post-application-messages.ts(235,5): error TS2769: No overload matches this call.
  Overload 2 of 2, '(values: { id: string | SQL<unknown> | Placeholder<string, any>; provider: "gmail" | "imap" | SQL<unknown> | Placeholder<string, any>; externalMessageId: string | SQL<...> | Placeholder<...>; ... 25 more ...; decidedAt?: number | ... 3 more ... | undefined; }[]): PgInsertBase<...>', gave the following error.
    Object literal may only specify known properties, and 'id' does not exist in type '{ id: string | SQL<unknown> | Placeholder<string, any>; provider: "gmail" | "imap" | SQL<unknown> | Placeholder<string, any>; externalMessageId: string | SQL<...> | Placeholder<...>; ... 25 more ...; decidedAt?: number | ... 3 more ... | undefined; }[]'.
src/server/repositories/post-application-messages.ts(296,7): error TS2322: Type 'string' is not assignable to type 'Date | SQL<unknown> | PgColumn<ColumnBaseConfig<ColumnDataType, string>, {}, {}> | undefined'.
src/server/repositories/post-application-messages.ts(364,7): error TS2322: Type 'string' is not assignable to type 'Date | SQL<unknown> | PgColumn<ColumnBaseConfig<ColumnDataType, string>, {}, {}> | undefined'.
src/server/repositories/post-application-sync-runs.ts(52,5): error TS2322: Type 'Date' is not assignable to type 'string'.
src/server/repositories/post-application-sync-runs.ts(53,5): error TS2322: Type 'Date' is not assignable to type 'string'.
src/server/repositories/post-application-sync-runs.ts(65,5): error TS2769: No overload matches this call.
  Overload 2 of 2, '(values: { id: string | SQL<unknown> | Placeholder<string, any>; provider: "gmail" | "imap" | SQL<unknown> | Placeholder<string, any>; startedAt: number | SQL<...> | Placeholder<...>; ... 14 more ...; messagesErrored?: number | ... 2 more ... | undefined; }[]): PgInsertBase<...>', gave the following error.
    Object literal may only specify known properties, and 'id' does not exist in type '{ id: string | SQL<unknown> | Placeholder<string, any>; provider: "gmail" | "imap" | SQL<unknown> | Placeholder<string, any>; startedAt: number | SQL<unknown> | Placeholder<...>; ... 14 more ...; messagesErrored?: number | ... 2 more ... | undefined; }[]'.
src/server/repositories/post-application-sync-runs.ts(112,7): error TS2322: Type 'string' is not assignable to type 'Date | SQL<unknown> | PgColumn<ColumnBaseConfig<ColumnDataType, string>, {}, {}> | undefined'.
src/server/repositories/settings.ts(57,21): error TS2322: Type 'string' is not assignable to type 'Date | SQL<unknown> | PgColumn<ColumnBaseConfig<ColumnDataType, string>, {}, {}> | undefined'.
src/server/repositories/settings.ts(63,5): error TS2769: No overload matches this call.
  Overload 2 of 2, '(values: { key: string | SQL<unknown> | Placeholder<string, any>; value: string | SQL<unknown> | Placeholder<string, any>; updatedAt?: Date | SQL<unknown> | Placeholder<...> | undefined; createdAt?: Date | ... 2 more ... | undefined; }[]): PgInsertBase<...>', gave the following error.
    Object literal may only specify known properties, but 'key' does not exist in type '{ key: string | SQL<unknown> | Placeholder<string, any>; value: string | SQL<unknown> | Placeholder<string, any>; updatedAt?: Date | SQL<unknown> | Placeholder<...> | undefined; createdAt?: Date | ... 2 more ... | undefined; }[]'. Did you mean to write 'keys'?
src/server/repositories/tracer-links.ts(131,7): error TS2322: Type 'NeonHttpQueryResult<never>' is not assignable to type '{ changes: number; } | null'.
src/server/repositories/tracer-links.ts(134,11): error TS2769: No overload matches this call.
  Overload 2 of 2, '(values: { id: string | SQL<unknown> | Placeholder<string, any>; token: string | SQL<unknown> | Placeholder<string, any>; jobId: string | SQL<unknown> | Placeholder<string, any>; ... 6 more ...; isActive?: boolean | ... 2 more ... | undefined; }[]): PgInsertBase<...>', gave the following error.
    Object literal may only specify known properties, and 'id' does not exist in type '{ id: string | SQL<unknown> | Placeholder<string, any>; token: string | SQL<unknown> | Placeholder<string, any>; jobId: string | SQL<unknown> | Placeholder<string, any>; ... 6 more ...; isActive?: boolean | ... 2 more ... | undefined; }[]'.
src/server/repositories/tracer-links.ts(158,23): error TS2339: Property 'rowCount' does not exist on type '{ changes: number; }'.
src/server/repositories/tracer-links.ts(158,48): error TS2339: Property 'rowCount' does not exist on type '{ changes: number; }'.
src/server/scripts/seed-dashboard.ts(4,30): error TS7016: Could not find a declaration file for module 'uuid'. 'C:/Users/ander/Downloads/Job_ops/job-ops/node_modules/uuid/dist/esm-browser/index.js' implicitly has an 'any' type.
  Try `npm i --save-dev @types/uuid` if it exists or add a new declaration (.d.ts) file containing `declare module 'uuid';`
src/server/services/applicationTracking.ts(194,18): error TS2345: Argument of type '(tx: PgTransaction<NeonHttpQueryResultHKT, typeof import("C:/Users/ander/Downloads/Job_ops/job-ops/orchestrator/src/server/db/schema"), ExtractTablesWithRelations<typeof import("C:/Users/ander/Downloads/Job_ops/job-ops/orchestrator/src/server/db/schema")>>) => void' is not assignable to parameter of type '(tx: PgTransaction<NeonHttpQueryResultHKT, typeof import("C:/Users/ander/Downloads/Job_ops/job-ops/orchestrator/src/server/db/schema"), ExtractTablesWithRelations<typeof import("C:/Users/ander/Downloads/Job_ops/job-ops/orchestrator/src/server/db/schema")>>) => Promise<...>'.
  Type 'void' is not assignable to type 'Promise<unknown>'.
src/server/services/applicationTracking.ts(199,8): error TS2339: Property 'get' does not exist on type 'Omit<PgSelectBase<"stage_events", { id: PgColumn<{ name: "id"; tableName: "stage_events"; dataType: "string"; columnType: "PgText"; data: string; driverParam: string; notNull: true; hasDefault: false; isPrimaryKey: true; ... 5 more ...; generated: undefined; }, {}, {}>; ... 7 more ...; outcome: PgColumn<...>; }, ......'.
src/server/services/applicationTracking.ts(219,8): error TS2339: Property 'run' does not exist on type 'Omit<PgUpdateBase<PgTableWithColumns<{ name: "stage_events"; schema: undefined; columns: { id: PgColumn<{ name: "id"; tableName: "stage_events"; dataType: "string"; columnType: "PgText"; data: string; driverParam: string; notNull: true; ... 7 more ...; generated: undefined; }, {}, {}>; ... 7 more ...; outcome: PgCol...'.
src/server/services/applicationTracking.ts(228,8): error TS2339: Property 'get' does not exist on type 'Omit<PgSelectBase<"stage_events", { id: PgColumn<{ name: "id"; tableName: "stage_events"; dataType: "string"; columnType: "PgText"; data: string; driverParam: string; notNull: true; hasDefault: false; isPrimaryKey: true; ... 5 more ...; generated: undefined; }, {}, {}>; ... 7 more ...; outcome: PgColumn<...>; }, ......'.
src/server/services/applicationTracking.ts(235,10): error TS2339: Property 'get' does not exist on type 'Omit<PgSelectBase<"jobs", { id: PgColumn<{ name: "id"; tableName: "jobs"; dataType: "string"; columnType: "PgText"; data: string; driverParam: string; notNull: true; hasDefault: false; isPrimaryKey: true; isAutoincrement: false; ... 4 more ...; generated: undefined; }, {}, {}>; ... 57 more ...; updatedAt: PgColumn<....'.
src/server/services/applicationTracking.ts(254,11): error TS2322: Type 'string' is not assignable to type 'Date | SQL<unknown> | PgColumn<ColumnBaseConfig<ColumnDataType, string>, {}, {}> | undefined'.
src/server/services/applicationTracking.ts(257,10): error TS2339: Property 'run' does not exist on type 'Omit<PgUpdateBase<PgTableWithColumns<{ name: "jobs"; schema: undefined; columns: { id: PgColumn<{ name: "id"; tableName: "jobs"; dataType: "string"; columnType: "PgText"; data: string; driverParam: string; notNull: true; hasDefault: false; ... 6 more ...; generated: undefined; }, {}, {}>; ... 57 more ...; updatedAt:...'.
src/server/services/applicationTracking.ts(263,18): error TS2345: Argument of type '(tx: PgTransaction<NeonHttpQueryResultHKT, typeof import("C:/Users/ander/Downloads/Job_ops/job-ops/orchestrator/src/server/db/schema"), ExtractTablesWithRelations<typeof import("C:/Users/ander/Downloads/Job_ops/job-ops/orchestrator/src/server/db/schema")>>) => void' is not assignable to parameter of type '(tx: PgTransaction<NeonHttpQueryResultHKT, typeof import("C:/Users/ander/Downloads/Job_ops/job-ops/orchestrator/src/server/db/schema"), ExtractTablesWithRelations<typeof import("C:/Users/ander/Downloads/Job_ops/job-ops/orchestrator/src/server/db/schema")>>) => Promise<...>'.
  Type 'void' is not assignable to type 'Promise<unknown>'.
src/server/services/applicationTracking.ts(268,8): error TS2339: Property 'get' does not exist on type 'Omit<PgSelectBase<"stage_events", { id: PgColumn<{ name: "id"; tableName: "stage_events"; dataType: "string"; columnType: "PgText"; data: string; driverParam: string; notNull: true; hasDefault: false; isPrimaryKey: true; ... 5 more ...; generated: undefined; }, {}, {}>; ... 7 more ...; outcome: PgColumn<...>; }, ......'.
src/server/services/applicationTracking.ts(271,63): error TS2339: Property 'run' does not exist on type 'Omit<PgDeleteBase<PgTableWithColumns<{ name: "stage_events"; schema: undefined; columns: { id: PgColumn<{ name: "id"; tableName: "stage_events"; dataType: "string"; columnType: "PgText"; data: string; driverParam: string; notNull: true; ... 7 more ...; generated: undefined; }, {}, {}>; ... 7 more ...; outcome: PgCol...'.
src/server/services/applicationTracking.ts(280,8): error TS2339: Property 'get' does not exist on type 'Omit<PgSelectBase<"stage_events", { id: PgColumn<{ name: "id"; tableName: "stage_events"; dataType: "string"; columnType: "PgText"; data: string; driverParam: string; notNull: true; hasDefault: false; isPrimaryKey: true; ... 5 more ...; generated: undefined; }, {}, {}>; ... 7 more ...; outcome: PgColumn<...>; }, ......'.
src/server/services/applicationTracking.ts(287,10): error TS2339: Property 'get' does not exist on type 'Omit<PgSelectBase<"jobs", { id: PgColumn<{ name: "id"; tableName: "jobs"; dataType: "string"; columnType: "PgText"; data: string; driverParam: string; notNull: true; hasDefault: false; isPrimaryKey: true; isAutoincrement: false; ... 4 more ...; generated: undefined; }, {}, {}>; ... 57 more ...; updatedAt: PgColumn<....'.
src/server/services/applicationTracking.ts(306,11): error TS2322: Type 'string' is not assignable to type 'Date | SQL<unknown> | PgColumn<ColumnBaseConfig<ColumnDataType, string>, {}, {}> | undefined'.
src/server/services/applicationTracking.ts(309,10): error TS2339: Property 'run' does not exist on type 'Omit<PgUpdateBase<PgTableWithColumns<{ name: "jobs"; schema: undefined; columns: { id: PgColumn<{ name: "id"; tableName: "jobs"; dataType: "string"; columnType: "PgText"; data: string; driverParam: string; notNull: true; hasDefault: false; ... 6 more ...; generated: undefined; }, {}, {}>; ... 57 more ...; updatedAt:...'.
src/server/services/applicationTracking.ts(319,11): error TS2322: Type 'string' is not assignable to type 'Date | SQL<unknown> | PgColumn<ColumnBaseConfig<ColumnDataType, string>, {}, {}> | undefined'.
src/server/services/applicationTracking.ts(322,10): error TS2339: Property 'run' does not exist on type 'Omit<PgUpdateBase<PgTableWithColumns<{ name: "jobs"; schema: undefined; columns: { id: PgColumn<{ name: "id"; tableName: "jobs"; dataType: "string"; columnType: "PgText"; data: string; driverParam: string; notNull: true; hasDefault: false; ... 6 more ...; generated: undefined; }, {}, {}>; ... 57 more ...; updatedAt:...'.
src/server/services/backup/index.test.ts(4,22): error TS7016: Could not find a declaration file for module 'better-sqlite3'. 'C:/Users/ander/Downloads/Job_ops/job-ops/node_modules/better-sqlite3/lib/index.js' implicitly has an 'any' type.
  Try `npm i --save-dev @types/better-sqlite3` if it exists or add a new declaration (.d.ts) file containing `declare module 'better-sqlite3';`
src/server/services/demo-seed.ts(39,5): error TS2322: Type '{ id: string; status: "failed" | "completed"; startedAt: string; completedAt: string; jobsDiscovered: number; jobsProcessed: number; errorMessage: string | null; }[]' is not assignable to type '{ id: string; status?: "cancelled" | "failed" | "running" | "completed" | undefined; errorMessage?: string | null | undefined; startedAt?: Date | undefined; completedAt?: Date | null | undefined; jobsDiscovered?: number | undefined; jobsProcessed?: number | undefined; }[]'.
  Type '{ id: string; status: "failed" | "completed"; startedAt: string; completedAt: string; jobsDiscovered: number; jobsProcessed: number; errorMessage: string | null; }' is not assignable to type '{ id: string; status?: "cancelled" | "failed" | "running" | "completed" | undefined; errorMessage?: string | null | undefined; startedAt?: Date | undefined; completedAt?: Date | null | undefined; jobsDiscovered?: number | undefined; jobsProcessed?: number | undefined; }'.
    Types of property 'startedAt' are incompatible.
      Type 'string' is not assignable to type 'Date'.
src/server/services/demo-seed.ts(48,5): error TS2322: Type '{ id: string; source: "gradcracker" | "indeed" | "linkedin" | "glassdoor" | "ukvisajobs" | "adzuna" | "hiringcafe" | "manual"; title: string; employer: string; jobUrl: string; applicationLink: string; ... 15 more ...; updatedAt: string; }[]' is not assignable to type '{ id: string; title: string; employer: string; jobUrl: string; source?: string | undefined; applicationLink?: string | null | undefined; datePosted?: string | null | undefined; deadline?: string | ... 1 more ... | undefined; ... 50 more ...; createdAt?: Date | undefined; }[]'.
  Type '{ id: string; source: "gradcracker" | "indeed" | "linkedin" | "glassdoor" | "ukvisajobs" | "adzuna" | "hiringcafe" | "manual"; title: string; employer: string; jobUrl: string; applicationLink: string; ... 15 more ...; updatedAt: string; }' is not assignable to type '{ id: string; title: string; employer: string; jobUrl: string; source?: string | undefined; applicationLink?: string | null | undefined; datePosted?: string | null | undefined; deadline?: string | ... 1 more ... | undefined; ... 50 more ...; createdAt?: Date | undefined; }'.
    Types of property 'discoveredAt' are incompatible.
      Type 'string' is not assignable to type 'Date'.
src/server/services/demo-seed.ts(96,18): error TS2345: Argument of type '(tx: PgTransaction<NeonHttpQueryResultHKT, typeof import("C:/Users/ander/Downloads/Job_ops/job-ops/orchestrator/src/server/db/schema"), ExtractTablesWithRelations<typeof import("C:/Users/ander/Downloads/Job_ops/job-ops/orchestrator/src/server/db/schema")>>) => void' is not assignable to parameter of type '(tx: PgTransaction<NeonHttpQueryResultHKT, typeof import("C:/Users/ander/Downloads/Job_ops/job-ops/orchestrator/src/server/db/schema"), ExtractTablesWithRelations<typeof import("C:/Users/ander/Downloads/Job_ops/job-ops/orchestrator/src/server/db/schema")>>) => Promise<...>'.
  Type 'void' is not assignable to type 'Promise<unknown>'.
src/server/services/demo-seed.ts(97,28): error TS2339: Property 'run' does not exist on type 'PgDeleteBase<PgTableWithColumns<{ name: "stage_events"; schema: undefined; columns: { id: PgColumn<{ name: "id"; tableName: "stage_events"; dataType: "string"; columnType: "PgText"; data: string; driverParam: string; notNull: true; ... 7 more ...; generated: undefined; }, {}, {}>; ... 7 more ...; outcome: PgColumn<....'.
src/server/services/demo-seed.ts(98,22): error TS2339: Property 'run' does not exist on type 'PgDeleteBase<PgTableWithColumns<{ name: "tasks"; schema: undefined; columns: { id: PgColumn<{ name: "id"; tableName: "tasks"; dataType: "string"; columnType: "PgText"; data: string; driverParam: string; notNull: true; hasDefault: false; ... 6 more ...; generated: undefined; }, {}, {}>; ... 5 more ...; notes: PgColum...'.
src/server/services/demo-seed.ts(99,27): error TS2339: Property 'run' does not exist on type 'PgDeleteBase<PgTableWithColumns<{ name: "interviews"; schema: undefined; columns: { id: PgColumn<{ name: "id"; tableName: "interviews"; dataType: "string"; columnType: "PgText"; data: string; driverParam: string; notNull: true; hasDefault: false; ... 6 more ...; generated: undefined; }, {}, {}>; ... 4 more ...; outc...'.
src/server/services/demo-seed.ts(100,21): error TS2339: Property 'run' does not exist on type 'PgDeleteBase<PgTableWithColumns<{ name: "jobs"; schema: undefined; columns: { id: PgColumn<{ name: "id"; tableName: "jobs"; dataType: "string"; columnType: "PgText"; data: string; driverParam: string; notNull: true; hasDefault: false; ... 6 more ...; generated: undefined; }, {}, {}>; ... 57 more ...; updatedAt: PgCo...'.
src/server/services/demo-seed.ts(101,29): error TS2339: Property 'run' does not exist on type 'PgDeleteBase<PgTableWithColumns<{ name: "pipeline_runs"; schema: undefined; columns: { id: PgColumn<{ name: "id"; tableName: "pipeline_runs"; dataType: "string"; columnType: "PgText"; data: string; driverParam: string; notNull: true; ... 7 more ...; generated: undefined; }, {}, {}>; ... 5 more ...; errorMessage: PgC...'.
src/server/services/demo-seed.ts(102,25): error TS2339: Property 'run' does not exist on type 'PgDeleteBase<PgTableWithColumns<{ name: "settings"; schema: undefined; columns: { key: PgColumn<{ name: "key"; tableName: "settings"; dataType: "string"; columnType: "PgText"; data: string; driverParam: string; notNull: true; hasDefault: false; ... 6 more ...; generated: undefined; }, {}, {}>; value: PgColumn<...>; ...'.
src/server/services/demo-seed.ts(113,34): error TS2769: No overload matches this call.
  Overload 1 of 2, '(value: { key: string | SQL<unknown> | Placeholder<string, any>; value: string | SQL<unknown> | Placeholder<string, any>; updatedAt?: Date | SQL<unknown> | Placeholder<...> | undefined; createdAt?: Date | ... 2 more ... | undefined; }): PgInsertBase<...>', gave the following error.
    Argument of type '{ key: string; value: string; createdAt: string; updatedAt: string; }[]' is not assignable to parameter of type '{ key: string | SQL<unknown> | Placeholder<string, any>; value: string | SQL<unknown> | Placeholder<string, any>; updatedAt?: Date | SQL<unknown> | Placeholder<...> | undefined; createdAt?: Date | ... 2 more ... | undefined; }'.
      Type '{ key: string; value: string; createdAt: string; updatedAt: string; }[]' is missing the following properties from type '{ key: string | SQL<unknown> | Placeholder<string, any>; value: string | SQL<unknown> | Placeholder<string, any>; updatedAt?: Date | SQL<unknown> | Placeholder<...> | undefined; createdAt?: Date | ... 2 more ... | undefined; }': key, value
  Overload 2 of 2, '(values: { key: string | SQL<unknown> | Placeholder<string, any>; value: string | SQL<unknown> | Placeholder<string, any>; updatedAt?: Date | SQL<unknown> | Placeholder<...> | undefined; createdAt?: Date | ... 2 more ... | undefined; }[]): PgInsertBase<...>', gave the following error.
    Argument of type '{ key: string; value: string; createdAt: string; updatedAt: string; }[]' is not assignable to parameter of type '{ key: string | SQL<unknown> | Placeholder<string, any>; value: string | SQL<unknown> | Placeholder<string, any>; updatedAt?: Date | SQL<unknown> | Placeholder<...> | undefined; createdAt?: Date | ... 2 more ... | undefined; }[]'.
      Type '{ key: string; value: string; createdAt: string; updatedAt: string; }' is not assignable to type '{ key: string | SQL<unknown> | Placeholder<string, any>; value: string | SQL<unknown> | Placeholder<string, any>; updatedAt?: Date | SQL<unknown> | Placeholder<...> | undefined; createdAt?: Date | ... 2 more ... | undefined; }'.
        Types of property 'updatedAt' are incompatible.
          Type 'string' is not assignable to type 'Date | SQL<unknown> | Placeholder<string, any> | undefined'.
src/server/services/demo-seed.ts(113,47): error TS2339: Property 'run' does not exist on type 'PgInsertBase<PgTableWithColumns<{ name: "settings"; schema: undefined; columns: { key: PgColumn<{ name: "key"; tableName: "settings"; dataType: "string"; columnType: "PgText"; data: string; driverParam: string; notNull: true; hasDefault: false; ... 6 more ...; generated: undefined; }, {}, {}>; value: PgColumn<...>; ...'.
src/server/services/demo-seed.ts(117,61): error TS2339: Property 'run' does not exist on type 'PgInsertBase<PgTableWithColumns<{ name: "pipeline_runs"; schema: undefined; columns: { id: PgColumn<{ name: "id"; tableName: "pipeline_runs"; dataType: "string"; columnType: "PgText"; data: string; driverParam: string; notNull: true; ... 7 more ...; generated: undefined; }, {}, {}>; ... 5 more ...; errorMessage: PgC...'.
src/server/services/demo-seed.ts(120,45): error TS2339: Property 'run' does not exist on type 'PgInsertBase<PgTableWithColumns<{ name: "jobs"; schema: undefined; columns: { id: PgColumn<{ name: "id"; tableName: "jobs"; dataType: "string"; columnType: "PgText"; data: string; driverParam: string; notNull: true; hasDefault: false; ... 6 more ...; generated: undefined; }, {}, {}>; ... 57 more ...; updatedAt: PgCo...'.
src/server/services/demo-seed.ts(123,59): error TS2339: Property 'run' does not exist on type 'PgInsertBase<PgTableWithColumns<{ name: "stage_events"; schema: undefined; columns: { id: PgColumn<{ name: "id"; tableName: "stage_events"; dataType: "string"; columnType: "PgText"; data: string; driverParam: string; notNull: true; ... 7 more ...; generated: undefined; }, {}, {}>; ... 7 more ...; outcome: PgColumn<....'.
src/server/services/post-application/review/service.ts(110,34): error TS2345: Argument of type '(tx: PgTransaction<NeonHttpQueryResultHKT, typeof import("C:/Users/ander/Downloads/Job_ops/job-ops/orchestrator/src/server/db/schema"), ExtractTablesWithRelations<typeof import("C:/Users/ander/Downloads/Job_ops/job-ops/orchestrator/src/server/db/schema")>>) => { ...; }' is not assignable to parameter of type '(tx: PgTransaction<NeonHttpQueryResultHKT, typeof import("C:/Users/ander/Downloads/Job_ops/job-ops/orchestrator/src/server/db/schema"), ExtractTablesWithRelations<typeof import("C:/Users/ander/Downloads/Job_ops/job-ops/orchestrator/src/server/db/schema")>>) => Promise<...>'.
  Type '{ stageEventId: string | null; }' is missing the following properties from type 'Promise<unknown>': then, catch, finally, [Symbol.toStringTag]
src/server/services/post-application/review/service.ts(121,9): error TS2322: Type 'string' is not assignable to type 'Date | SQL<unknown> | PgColumn<ColumnBaseConfig<ColumnDataType, string>, {}, {}> | undefined'.
src/server/services/post-application/review/service.ts(129,8): error TS2339: Property 'run' does not exist on type 'Omit<PgUpdateBase<PgTableWithColumns<{ name: "post_application_messages"; schema: undefined; columns: { id: PgColumn<{ name: "id"; tableName: "post_application_messages"; dataType: "string"; columnType: "PgText"; data: string; driverParam: string; ... 8 more ...; generated: undefined; }, {}, {}>; ... 27 more ...; up...'.
src/server/services/post-application/review/service.ts(161,28): error TS2339: Property 'id' does not exist on type 'Promise<StageEvent>'.
src/server/services/post-application/review/service.ts(168,11): error TS2322: Type 'string' is not assignable to type 'Date | SQL<unknown> | PgColumn<ColumnBaseConfig<ColumnDataType, string>, {}, {}> | undefined'.
src/server/services/post-application/review/service.ts(171,10): error TS2339: Property 'run' does not exist on type 'Omit<PgUpdateBase<PgTableWithColumns<{ name: "post_application_sync_runs"; schema: undefined; columns: { id: PgColumn<{ name: "id"; tableName: "post_application_sync_runs"; dataType: "string"; columnType: "PgText"; data: string; ... 9 more ...; generated: undefined; }, {}, {}>; ... 16 more ...; updatedAt: PgColumn<....'.
src/server/services/post-application/review/service.ts(185,59): error TS2339: Property 'stageEventId' does not exist on type 'Promise<unknown>'.
src/server/services/post-application/review/service.ts(211,18): error TS2345: Argument of type '(tx: PgTransaction<NeonHttpQueryResultHKT, typeof import("C:/Users/ander/Downloads/Job_ops/job-ops/orchestrator/src/server/db/schema"), ExtractTablesWithRelations<typeof import("C:/Users/ander/Downloads/Job_ops/job-ops/orchestrator/src/server/db/schema")>>) => void' is not assignable to parameter of type '(tx: PgTransaction<NeonHttpQueryResultHKT, typeof import("C:/Users/ander/Downloads/Job_ops/job-ops/orchestrator/src/server/db/schema"), ExtractTablesWithRelations<typeof import("C:/Users/ander/Downloads/Job_ops/job-ops/orchestrator/src/server/db/schema")>>) => Promise<...>'.
  Type 'void' is not assignable to type 'Promise<unknown>'.
src/server/services/post-application/review/service.ts(220,9): error TS2322: Type 'string' is not assignable to type 'Date | SQL<unknown> | PgColumn<ColumnBaseConfig<ColumnDataType, string>, {}, {}> | undefined'.
src/server/services/post-application/review/service.ts(228,8): error TS2339: Property 'run' does not exist on type 'Omit<PgUpdateBase<PgTableWithColumns<{ name: "post_application_messages"; schema: undefined; columns: { id: PgColumn<{ name: "id"; tableName: "post_application_messages"; dataType: "string"; columnType: "PgText"; data: string; driverParam: string; ... 8 more ...; generated: undefined; }, {}, {}>; ... 27 more ...; up...'.
src/server/services/post-application/review/service.ts(239,11): error TS2322: Type 'string' is not assignable to type 'Date | SQL<unknown> | PgColumn<ColumnBaseConfig<ColumnDataType, string>, {}, {}> | undefined'.
src/server/services/post-application/review/service.ts(242,10): error TS2339: Property 'run' does not exist on type 'Omit<PgUpdateBase<PgTableWithColumns<{ name: "post_application_sync_runs"; schema: undefined; columns: { id: PgColumn<{ name: "id"; tableName: "post_application_sync_runs"; dataType: "string"; columnType: "PgText"; data: string; ... 9 more ...; generated: undefined; }, {}, {}>; ... 16 more ...; updatedAt: PgColumn<....'.
src/server/workers/export.worker.ts(80,7): error TS2322: Type 'string' is not assignable to type 'ConnectionOptions'.
src/server/workers/scoring.worker.ts(114,7): error TS2322: Type 'string' is not assignable to type 'ConnectionOptions'.
src/server/workers/scraping.worker.ts(78,7): error TS2322: Type 'string' is not assignable to type 'ConnectionOptions'.
src/server/workers/tailoring.worker.ts(112,7): error TS2322: Type 'string' is not assignable to type 'ConnectionOptions'.
npm error Lifecycle script `check:types` failed with error:
npm error code 2
npm error path C:\Users\ander\Downloads\Job_ops\job-ops\orchestrator
npm error workspace job-ops-orchestrator@0.1.30
npm error location C:\Users\ander\Downloads\Job_ops\job-ops\orchestrator
npm error command failed
npm error command C:\WINDOWS\system32\cmd.exe /d /s /c tsc --noEmit
